[2026-02-14 15:18:29] cmd: usi
[2026-02-14 15:18:29] cmd: setoption name USI_Ponder value true
[2026-02-14 15:18:29] cmd: setoption name USI_Hash value 256
[2026-02-14 15:18:29] cmd: isready
[2026-02-14 15:18:29] cmd: usinewgame
[2026-02-14 15:18:31] cmd: position startpos moves 2g2f
[2026-02-14 15:18:31] cmd: go btime 0 wtime 0 byoyomi 120000
[2026-02-14 15:18:31] exception: Traceback (most recent call last):
  File "C:\Users\kimura\Desktop\SHOGIAI\src\usi.py", line 52, in run
    self._handle_go(parts[1:])
  File "C:\Users\kimura\Desktop\SHOGIAI\src\usi.py", line 90, in _handle_go
    result = self.engine.search(self.board, depth)
             ^^^^^^^^^^^^^^^^^^^^^^^^^^^^^^^^^^^^^
  File "C:\Users\kimura\Desktop\SHOGIAI\src\engine.py", line 23, in search
    mate_move = self._find_mate_in_3(board)
                ^^^^^^^^^^^^^^^^^^^^^^^^^^^
  File "C:\Users\kimura\Desktop\SHOGIAI\src\engine.py", line 89, in _find_mate_in_3
    if board.is_mate():
       ^^^^^^^^^^^^^^^
  File "cshogi/_cshogi.pyx", line 860, in cshogi._cshogi.Board.is_mate
TypeError: is_mate() takes exactly 1 positional argument (0 given)

[2026-02-14 15:20:45] cmd: usi
[2026-02-14 15:20:45] cmd: setoption name USI_Ponder value true
[2026-02-14 15:20:45] cmd: setoption name USI_Hash value 256
[2026-02-14 15:20:45] cmd: isready
[2026-02-14 15:20:45] cmd: usinewgame
[2026-02-14 15:20:47] cmd: position startpos moves 2g2f
[2026-02-14 15:20:47] cmd: go btime 0 wtime 0 byoyomi 120000
[2026-02-14 15:20:50] cmd: position startpos moves 2g2f 1c1d 2f2e
[2026-02-14 15:20:50] cmd: go btime 0 wtime 0 byoyomi 120000
[2026-02-14 15:20:56] cmd: position startpos moves 2g2f 1c1d 2f2e 2b1c 3i4h
[2026-02-14 15:20:56] cmd: go btime 0 wtime 0 byoyomi 120000
[2026-02-14 15:20:59] cmd: position startpos moves 2g2f 1c1d 2f2e 2b1c 3i4h 1d1e 7i6h
[2026-02-14 15:20:59] cmd: go btime 0 wtime 0 byoyomi 120000
[2026-02-14 15:21:05] cmd: position startpos moves 2g2f 1c1d 2f2e 2b1c 3i4h 1d1e 7i6h 1c3e 7g7f
[2026-02-14 15:21:05] cmd: go btime 0 wtime 0 byoyomi 120000
[2026-02-14 15:21:11] cmd: position startpos moves 2g2f 1c1d 2f2e 2b1c 3i4h 1d1e 7i6h 1c3e 7g7f 5c5d 9g9f
[2026-02-14 15:21:11] cmd: go btime 0 wtime 0 byoyomi 120000
[2026-02-14 15:21:17] cmd: position startpos moves 2g2f 1c1d 2f2e 2b1c 3i4h 1d1e 7i6h 1c3e 7g7f 5c5d 9g9f 5d5e 8h9g
[2026-02-14 15:21:17] cmd: go btime 0 wtime 0 byoyomi 120000
[2026-02-14 15:21:30] cmd: position startpos moves 2g2f 1c1d 2f2e 2b1c 3i4h 1d1e 7i6h 1c3e 7g7f 5c5d 9g9f 5d5e 8h9g 5e5f 3g3f
[2026-02-14 15:21:30] cmd: go btime 0 wtime 0 byoyomi 120000
[2026-02-14 15:21:48] cmd: position startpos moves 2g2f 1c1d 2f2e 2b1c 3i4h 1d1e 7i6h 1c3e 7g7f 5c5d 9g9f 5d5e 8h9g 5e5f 3g3f 3e4d 5g5f
[2026-02-14 15:21:48] cmd: go btime 0 wtime 0 byoyomi 120000
[2026-02-14 15:21:57] cmd: position startpos moves 2g2f 1c1d 2f2e 2b1c 3i4h 1d1e 7i6h 1c3e 7g7f 5c5d 9g9f 5d5e 8h9g 5e5f 3g3f 3e4d 5g5f 4d9i+ 9g5c+
[2026-02-14 15:21:57] cmd: go btime 0 wtime 0 byoyomi 120000
[2026-02-14 15:22:18] cmd: position startpos moves 2g2f 1c1d 2f2e 2b1c 3i4h 1d1e 7i6h 1c3e 7g7f 5c5d 9g9f 5d5e 8h9g 5e5f 3g3f 3e4d 5g5f 4d9i+ 9g5c+ 9i8i 5c4c
[2026-02-14 15:22:18] cmd: go btime 0 wtime 0 byoyomi 120000
[2026-02-14 15:22:56] cmd: position startpos moves 2g2f 1c1d 2f2e 2b1c 3i4h 1d1e 7i6h 1c3e 7g7f 5c5d 9g9f 5d5e 8h9g 5e5f 3g3f 3e4d 5g5f 4d9i+ 9g5c+ 9i8i 5c4c N*3b 2e2d
[2026-02-14 15:22:56] cmd: go btime 0 wtime 0 byoyomi 120000
[2026-02-14 15:23:11] cmd: position startpos moves 2g2f 1c1d 2f2e 2b1c 3i4h 1d1e 7i6h 1c3e 7g7f 5c5d 9g9f 5d5e 8h9g 5e5f 3g3f 3e4d 5g5f 4d9i+ 9g5c+ 9i8i 5c4c N*3b 2e2d 2c2d 4i5h
[2026-02-14 15:23:11] cmd: go btime 0 wtime 0 byoyomi 120000
[2026-02-14 15:23:35] cmd: position startpos moves 2g2f 1c1d 2f2e 2b1c 3i4h 1d1e 7i6h 1c3e 7g7f 5c5d 9g9f 5d5e 8h9g 5e5f 3g3f 3e4d 5g5f 4d9i+ 9g5c+ 9i8i 5c4c N*3b 2e2d 2c2d 4i5h P*4b 4c6e
[2026-02-14 15:23:35] cmd: go btime 0 wtime 0 byoyomi 120000
[2026-02-14 15:23:49] cmd: position startpos moves 2g2f 1c1d 2f2e 2b1c 3i4h 1d1e 7i6h 1c3e 7g7f 5c5d 9g9f 5d5e 8h9g 5e5f 3g3f 3e4d 5g5f 4d9i+ 9g5c+ 9i8i 5c4c N*3b 2e2d 2c2d 4i5h P*4b 4c6e L*6d 6e5e
[2026-02-14 15:23:49] cmd: go btime 0 wtime 0 byoyomi 120000
[2026-02-14 15:23:56] cmd: position startpos moves 2g2f 1c1d 2f2e 2b1c 3i4h 1d1e 7i6h 1c3e 7g7f 5c5d 9g9f 5d5e 8h9g 5e5f 3g3f 3e4d 5g5f 4d9i+ 9g5c+ 9i8i 5c4c N*3b 2e2d 2c2d 4i5h P*4b 4c6e L*6d 6e5e 6d6g+ 5h6g
[2026-02-14 15:23:56] cmd: go btime 0 wtime 0 byoyomi 120000
[2026-02-14 15:24:01] cmd: position startpos moves 2g2f 1c1d 2f2e 2b1c 3i4h 1d1e 7i6h 1c3e 7g7f 5c5d 9g9f 5d5e 8h9g 5e5f 3g3f 3e4d 5g5f 4d9i+ 9g5c+ 9i8i 5c4c N*3b 2e2d 2c2d 4i5h P*4b 4c6e L*6d 6e5e 6d6g+ 5h6g P*5h 5i5h
[2026-02-14 15:24:01] cmd: go btime 0 wtime 0 byoyomi 120000
[2026-02-14 15:24:06] cmd: position startpos moves 2g2f 1c1d 2f2e 2b1c 3i4h 1d1e 7i6h 1c3e 7g7f 5c5d 9g9f 5d5e 8h9g 5e5f 3g3f 3e4d 5g5f 4d9i+ 9g5c+ 9i8i 5c4c N*3b 2e2d 2c2d 4i5h P*4b 4c6e L*6d 6e5e 6d6g+ 5h6g P*5h 5i5h 1e1f 1g1f
[2026-02-14 15:24:06] cmd: go btime 0 wtime 0 byoyomi 120000
[2026-02-14 15:24:10] cmd: position startpos moves 2g2f 1c1d 2f2e 2b1c 3i4h 1d1e 7i6h 1c3e 7g7f 5c5d 9g9f 5d5e 8h9g 5e5f 3g3f 3e4d 5g5f 4d9i+ 9g5c+ 9i8i 5c4c N*3b 2e2d 2c2d 4i5h P*4b 4c6e L*6d 6e5e 6d6g+ 5h6g P*5h 5i5h 1e1f 1g1f 1a1f 1i1f
[2026-02-14 15:24:10] cmd: go btime 0 wtime 0 byoyomi 120000
[2026-02-14 15:24:45] cmd: position startpos moves 2g2f 1c1d 2f2e 2b1c 3i4h 1d1e 7i6h 1c3e 7g7f 5c5d 9g9f 5d5e 8h9g 5e5f 3g3f 3e4d 5g5f 4d9i+ 9g5c+ 9i8i 5c4c N*3b 2e2d 2c2d 4i5h P*4b 4c6e L*6d 6e5e 6d6g+ 5h6g P*5h 5i5h 1e1f 1g1f 1a1f 1i1f 8b5b 5e4f
[2026-02-14 15:24:45] cmd: go btime 0 wtime 0 byoyomi 120000
[2026-02-14 15:25:33] cmd: position startpos moves 2g2f 1c1d 2f2e 2b1c 3i4h 1d1e 7i6h 1c3e 7g7f 5c5d 9g9f 5d5e 8h9g 5e5f 3g3f 3e4d 5g5f 4d9i+ 9g5c+ 9i8i 5c4c N*3b 2e2d 2c2d 4i5h P*4b 4c6e L*6d 6e5e 6d6g+ 5h6g P*5h 5i5h 1e1f 1g1f 1a1f 1i1f 8b5b 5e4f 3b4d 2h2d
[2026-02-14 15:25:33] cmd: go btime 0 wtime 0 byoyomi 120000
[2026-02-14 15:25:49] cmd: position startpos moves 2g2f 1c1d 2f2e 2b1c 3i4h 1d1e 7i6h 1c3e 7g7f 5c5d 9g9f 5d5e 8h9g 5e5f 3g3f 3e4d 5g5f 4d9i+ 9g5c+ 9i8i 5c4c N*3b 2e2d 2c2d 4i5h P*4b 4c6e L*6d 6e5e 6d6g+ 5h6g P*5h 5i5h 1e1f 1g1f 1a1f 1i1f 8b5b 5e4f 3b4d 2h2d 4d5f 6g5f
[2026-02-14 15:25:49] cmd: go btime 0 wtime 0 byoyomi 120000
[2026-02-14 15:26:06] cmd: position startpos moves 2g2f 1c1d 2f2e 2b1c 3i4h 1d1e 7i6h 1c3e 7g7f 5c5d 9g9f 5d5e 8h9g 5e5f 3g3f 3e4d 5g5f 4d9i+ 9g5c+ 9i8i 5c4c N*3b 2e2d 2c2d 4i5h P*4b 4c6e L*6d 6e5e 6d6g+ 5h6g P*5h 5i5h 1e1f 1g1f 1a1f 1i1f 8b5b 5e4f 3b4d 2h2d 4d5f 6g5f 8i5f L*5g
[2026-02-14 15:26:06] cmd: go btime 0 wtime 0 byoyomi 120000
[2026-02-14 15:26:14] cmd: position startpos moves 2g2f 1c1d 2f2e 2b1c 3i4h 1d1e 7i6h 1c3e 7g7f 5c5d 9g9f 5d5e 8h9g 5e5f 3g3f 3e4d 5g5f 4d9i+ 9g5c+ 9i8i 5c4c N*3b 2e2d 2c2d 4i5h P*4b 4c6e L*6d 6e5e 6d6g+ 5h6g P*5h 5i5h 1e1f 1g1f 1a1f 1i1f 8b5b 5e4f 3b4d 2h2d 4d5f 6g5f 8i5f L*5g 5f5g 4h5g
[2026-02-14 15:26:14] cmd: go btime 0 wtime 0 byoyomi 120000
[2026-02-14 15:27:14] cmd: position startpos moves 2g2f 1c1d 2f2e 2b1c 3i4h 1d1e 7i6h 1c3e 7g7f 5c5d 9g9f 5d5e 8h9g 5e5f 3g3f 3e4d 5g5f 4d9i+ 9g5c+ 9i8i 5c4c N*3b 2e2d 2c2d 4i5h P*4b 4c6e L*6d 6e5e 6d6g+ 5h6g P*5h 5i5h 1e1f 1g1f 1a1f 1i1f 8b5b 5e4f 3b4d 2h2d 4d5f 6g5f 8i5f L*5g 5f5g 4h5g P*5f 2d2e
[2026-02-14 15:27:14] cmd: go btime 0 wtime 0 byoyomi 120000
[2026-02-14 15:27:45] cmd: position startpos moves 2g2f 1c1d 2f2e 2b1c 3i4h 1d1e 7i6h 1c3e 7g7f 5c5d 9g9f 5d5e 8h9g 5e5f 3g3f 3e4d 5g5f 4d9i+ 9g5c+ 9i8i 5c4c N*3b 2e2d 2c2d 4i5h P*4b 4c6e L*6d 6e5e 6d6g+ 5h6g P*5h 5i5h 1e1f 1g1f 1a1f 1i1f 8b5b 5e4f 3b4d 2h2d 4d5f 6g5f 8i5f L*5g 5f5g 4h5g P*5f 2d2e L*2b L*2d
[2026-02-14 15:27:45] cmd: go btime 0 wtime 0 byoyomi 120000
[2026-02-14 15:27:57] cmd: position startpos moves 2g2f 1c1d 2f2e 2b1c 3i4h 1d1e 7i6h 1c3e 7g7f 5c5d 9g9f 5d5e 8h9g 5e5f 3g3f 3e4d 5g5f 4d9i+ 9g5c+ 9i8i 5c4c N*3b 2e2d 2c2d 4i5h P*4b 4c6e L*6d 6e5e 6d6g+ 5h6g P*5h 5i5h 1e1f 1g1f 1a1f 1i1f 8b5b 5e4f 3b4d 2h2d 4d5f 6g5f 8i5f L*5g 5f5g 4h5g P*5f 2d2e L*2b L*2d 5f5g+ 6h5g
[2026-02-14 15:27:57] cmd: go btime 0 wtime 0 byoyomi 120000
[2026-02-14 15:28:32] cmd: position startpos moves 2g2f 1c1d 2f2e 2b1c 3i4h 1d1e 7i6h 1c3e 7g7f 5c5d 9g9f 5d5e 8h9g 5e5f 3g3f 3e4d 5g5f 4d9i+ 9g5c+ 9i8i 5c4c N*3b 2e2d 2c2d 4i5h P*4b 4c6e L*6d 6e5e 6d6g+ 5h6g P*5h 5i5h 1e1f 1g1f 1a1f 1i1f 8b5b 5e4f 3b4d 2h2d 4d5f 6g5f 8i5f L*5g 5f5g 4h5g P*5f 2d2e L*2b L*2d 5f5g+ 6h5g G*3d 2e5e
[2026-02-14 15:28:32] cmd: go btime 0 wtime 0 byoyomi 120000
[2026-02-14 15:29:07] cmd: position startpos moves 2g2f 1c1d 2f2e 2b1c 3i4h 1d1e 7i6h 1c3e 7g7f 5c5d 9g9f 5d5e 8h9g 5e5f 3g3f 3e4d 5g5f 4d9i+ 9g5c+ 9i8i 5c4c N*3b 2e2d 2c2d 4i5h P*4b 4c6e L*6d 6e5e 6d6g+ 5h6g P*5h 5i5h 1e1f 1g1f 1a1f 1i1f 8b5b 5e4f 3b4d 2h2d 4d5f 6g5f 8i5f L*5g 5f5g 4h5g P*5f 2d2e L*2b L*2d 5f5g+ 6h5g G*3d 2e5e 2b2d P*5c
[2026-02-14 15:29:07] cmd: go btime 0 wtime 0 byoyomi 120000
[2026-02-14 15:29:17] cmd: position startpos moves 2g2f 1c1d 2f2e 2b1c 3i4h 1d1e 7i6h 1c3e 7g7f 5c5d 9g9f 5d5e 8h9g 5e5f 3g3f 3e4d 5g5f 4d9i+ 9g5c+ 9i8i 5c4c N*3b 2e2d 2c2d 4i5h P*4b 4c6e L*6d 6e5e 6d6g+ 5h6g P*5h 5i5h 1e1f 1g1f 1a1f 1i1f 8b5b 5e4f 3b4d 2h2d 4d5f 6g5f 8i5f L*5g 5f5g 4h5g P*5f 2d2e L*2b L*2d 5f5g+ 6h5g G*3d 2e5e 2b2d P*5c S*6g 5h6g
[2026-02-14 15:29:17] cmd: go btime 0 wtime 0 byoyomi 120000
[2026-02-14 15:29:26] cmd: position startpos moves 2g2f 1c1d 2f2e 2b1c 3i4h 1d1e 7i6h 1c3e 7g7f 5c5d 9g9f 5d5e 8h9g 5e5f 3g3f 3e4d 5g5f 4d9i+ 9g5c+ 9i8i 5c4c N*3b 2e2d 2c2d 4i5h P*4b 4c6e L*6d 6e5e 6d6g+ 5h6g P*5h 5i5h 1e1f 1g1f 1a1f 1i1f 8b5b 5e4f 3b4d 2h2d 4d5f 6g5f 8i5f L*5g 5f5g 4h5g P*5f 2d2e L*2b L*2d 5f5g+ 6h5g G*3d 2e5e 2b2d P*5c S*6g 5h6g L*6d P*6f
[2026-02-14 15:29:26] cmd: go btime 0 wtime 0 byoyomi 120000
[2026-02-14 15:29:28] cmd: position startpos moves 2g2f 1c1d 2f2e 2b1c 3i4h 1d1e 7i6h 1c3e 7g7f 5c5d 9g9f 5d5e 8h9g 5e5f 3g3f 3e4d 5g5f 4d9i+ 9g5c+ 9i8i 5c4c N*3b 2e2d 2c2d 4i5h P*4b 4c6e L*6d 6e5e 6d6g+ 5h6g P*5h 5i5h 1e1f 1g1f 1a1f 1i1f 8b5b 5e4f 3b4d 2h2d 4d5f 6g5f 8i5f L*5g 5f5g 4h5g P*5f 2d2e L*2b L*2d 5f5g+ 6h5g G*3d 2e5e 2b2d P*5c S*6g 5h6g L*6d P*6f 6d6f 5g6f
[2026-02-14 15:29:28] cmd: go btime 0 wtime 0 byoyomi 120000
[2026-02-14 15:30:05] cmd: position startpos moves 2g2f 1c1d 2f2e 2b1c 3i4h 1d1e 7i6h 1c3e 7g7f 5c5d 9g9f 5d5e 8h9g 5e5f 3g3f 3e4d 5g5f 4d9i+ 9g5c+ 9i8i 5c4c N*3b 2e2d 2c2d 4i5h P*4b 4c6e L*6d 6e5e 6d6g+ 5h6g P*5h 5i5h 1e1f 1g1f 1a1f 1i1f 8b5b 5e4f 3b4d 2h2d 4d5f 6g5f 8i5f L*5g 5f5g 4h5g P*5f 2d2e L*2b L*2d 5f5g+ 6h5g G*3d 2e5e 2b2d P*5c S*6g 5h6g L*6d P*6f 6d6f 5g6f 5b7b B*2c
[2026-02-14 15:30:05] cmd: go btime 0 wtime 0 byoyomi 120000
[2026-02-14 15:30:14] cmd: position startpos moves 2g2f 1c1d 2f2e 2b1c 3i4h 1d1e 7i6h 1c3e 7g7f 5c5d 9g9f 5d5e 8h9g 5e5f 3g3f 3e4d 5g5f 4d9i+ 9g5c+ 9i8i 5c4c N*3b 2e2d 2c2d 4i5h P*4b 4c6e L*6d 6e5e 6d6g+ 5h6g P*5h 5i5h 1e1f 1g1f 1a1f 1i1f 8b5b 5e4f 3b4d 2h2d 4d5f 6g5f 8i5f L*5g 5f5g 4h5g P*5f 2d2e L*2b L*2d 5f5g+ 6h5g G*3d 2e5e 2b2d P*5c S*6g 5h6g L*6d P*6f 6d6f 5g6f 5b7b B*2c 2d2i+ 2c1b+
[2026-02-14 15:30:14] cmd: go btime 0 wtime 0 byoyomi 120000
[2026-02-14 15:30:28] cmd: position startpos moves 2g2f 1c1d 2f2e 2b1c 3i4h 1d1e 7i6h 1c3e 7g7f 5c5d 9g9f 5d5e 8h9g 5e5f 3g3f 3e4d 5g5f 4d9i+ 9g5c+ 9i8i 5c4c N*3b 2e2d 2c2d 4i5h P*4b 4c6e L*6d 6e5e 6d6g+ 5h6g P*5h 5i5h 1e1f 1g1f 1a1f 1i1f 8b5b 5e4f 3b4d 2h2d 4d5f 6g5f 8i5f L*5g 5f5g 4h5g P*5f 2d2e L*2b L*2d 5f5g+ 6h5g G*3d 2e5e 2b2d P*5c S*6g 5h6g L*6d P*6f 6d6f 5g6f 5b7b B*2c 2d2i+ 2c1b+ P*1e 1f1e
[2026-02-14 15:30:28] cmd: go btime 0 wtime 0 byoyomi 120000
[2026-02-14 15:30:38] cmd: position startpos moves 2g2f 1c1d 2f2e 2b1c 3i4h 1d1e 7i6h 1c3e 7g7f 5c5d 9g9f 5d5e 8h9g 5e5f 3g3f 3e4d 5g5f 4d9i+ 9g5c+ 9i8i 5c4c N*3b 2e2d 2c2d 4i5h P*4b 4c6e L*6d 6e5e 6d6g+ 5h6g P*5h 5i5h 1e1f 1g1f 1a1f 1i1f 8b5b 5e4f 3b4d 2h2d 4d5f 6g5f 8i5f L*5g 5f5g 4h5g P*5f 2d2e L*2b L*2d 5f5g+ 6h5g G*3d 2e5e 2b2d P*5c S*6g 5h6g L*6d P*6f 6d6f 5g6f 5b7b B*2c 2d2i+ 2c1b+ P*1e 1f1e P*1d 1e1d
[2026-02-14 15:30:38] cmd: go btime 0 wtime 0 byoyomi 120000
[2026-02-14 15:30:50] cmd: position startpos moves 2g2f 1c1d 2f2e 2b1c 3i4h 1d1e 7i6h 1c3e 7g7f 5c5d 9g9f 5d5e 8h9g 5e5f 3g3f 3e4d 5g5f 4d9i+ 9g5c+ 9i8i 5c4c N*3b 2e2d 2c2d 4i5h P*4b 4c6e L*6d 6e5e 6d6g+ 5h6g P*5h 5i5h 1e1f 1g1f 1a1f 1i1f 8b5b 5e4f 3b4d 2h2d 4d5f 6g5f 8i5f L*5g 5f5g 4h5g P*5f 2d2e L*2b L*2d 5f5g+ 6h5g G*3d 2e5e 2b2d P*5c S*6g 5h6g L*6d P*6f 6d6f 5g6f 5b7b B*2c 2d2i+ 2c1b+ P*1e 1f1e P*1d 1e1d N*2b 1b2a
[2026-02-14 15:30:50] cmd: go btime 0 wtime 0 byoyomi 120000
[2026-02-14 15:31:03] cmd: position startpos moves 2g2f 1c1d 2f2e 2b1c 3i4h 1d1e 7i6h 1c3e 7g7f 5c5d 9g9f 5d5e 8h9g 5e5f 3g3f 3e4d 5g5f 4d9i+ 9g5c+ 9i8i 5c4c N*3b 2e2d 2c2d 4i5h P*4b 4c6e L*6d 6e5e 6d6g+ 5h6g P*5h 5i5h 1e1f 1g1f 1a1f 1i1f 8b5b 5e4f 3b4d 2h2d 4d5f 6g5f 8i5f L*5g 5f5g 4h5g P*5f 2d2e L*2b L*2d 5f5g+ 6h5g G*3d 2e5e 2b2d P*5c S*6g 5h6g L*6d P*6f 6d6f 5g6f 5b7b B*2c 2d2i+ 2c1b+ P*1e 1f1e P*1d 1e1d N*2b 1b2a 2b1d L*3e
[2026-02-14 15:31:03] cmd: go btime 0 wtime 0 byoyomi 120000
[2026-02-14 15:31:15] cmd: position startpos moves 2g2f 1c1d 2f2e 2b1c 3i4h 1d1e 7i6h 1c3e 7g7f 5c5d 9g9f 5d5e 8h9g 5e5f 3g3f 3e4d 5g5f 4d9i+ 9g5c+ 9i8i 5c4c N*3b 2e2d 2c2d 4i5h P*4b 4c6e L*6d 6e5e 6d6g+ 5h6g P*5h 5i5h 1e1f 1g1f 1a1f 1i1f 8b5b 5e4f 3b4d 2h2d 4d5f 6g5f 8i5f L*5g 5f5g 4h5g P*5f 2d2e L*2b L*2d 5f5g+ 6h5g G*3d 2e5e 2b2d P*5c S*6g 5h6g L*6d P*6f 6d6f 5g6f 5b7b B*2c 2d2i+ 2c1b+ P*1e 1f1e P*1d 1e1d N*2b 1b2a 2b1d L*3e L*4c 4f5g
[2026-02-14 15:31:15] cmd: go btime 0 wtime 0 byoyomi 120000
[2026-02-14 15:31:19] cmd: position startpos moves 2g2f 1c1d 2f2e 2b1c 3i4h 1d1e 7i6h 1c3e 7g7f 5c5d 9g9f 5d5e 8h9g 5e5f 3g3f 3e4d 5g5f 4d9i+ 9g5c+ 9i8i 5c4c N*3b 2e2d 2c2d 4i5h P*4b 4c6e L*6d 6e5e 6d6g+ 5h6g P*5h 5i5h 1e1f 1g1f 1a1f 1i1f 8b5b 5e4f 3b4d 2h2d 4d5f 6g5f 8i5f L*5g 5f5g 4h5g P*5f 2d2e L*2b L*2d 5f5g+ 6h5g G*3d 2e5e 2b2d P*5c S*6g 5h6g L*6d P*6f 6d6f 5g6f 5b7b B*2c 2d2i+ 2c1b+ P*1e 1f1e P*1d 1e1d N*2b 1b2a 2b1d L*3e L*4c 4f5g 4c4g+ 5g4g
[2026-02-14 15:31:19] cmd: go btime 0 wtime 0 byoyomi 120000
[2026-02-14 15:31:36] cmd: position startpos moves 2g2f 1c1d 2f2e 2b1c 3i4h 1d1e 7i6h 1c3e 7g7f 5c5d 9g9f 5d5e 8h9g 5e5f 3g3f 3e4d 5g5f 4d9i+ 9g5c+ 9i8i 5c4c N*3b 2e2d 2c2d 4i5h P*4b 4c6e L*6d 6e5e 6d6g+ 5h6g P*5h 5i5h 1e1f 1g1f 1a1f 1i1f 8b5b 5e4f 3b4d 2h2d 4d5f 6g5f 8i5f L*5g 5f5g 4h5g P*5f 2d2e L*2b L*2d 5f5g+ 6h5g G*3d 2e5e 2b2d P*5c S*6g 5h6g L*6d P*6f 6d6f 5g6f 5b7b B*2c 2d2i+ 2c1b+ P*1e 1f1e P*1d 1e1d N*2b 1b2a 2b1d L*3e L*4c 4f5g 4c4g+ 5g4g 3a3b 2a1b
[2026-02-14 15:31:36] cmd: go btime 0 wtime 0 byoyomi 120000
[2026-02-14 15:31:43] cmd: position startpos moves 2g2f 1c1d 2f2e 2b1c 3i4h 1d1e 7i6h 1c3e 7g7f 5c5d 9g9f 5d5e 8h9g 5e5f 3g3f 3e4d 5g5f 4d9i+ 9g5c+ 9i8i 5c4c N*3b 2e2d 2c2d 4i5h P*4b 4c6e L*6d 6e5e 6d6g+ 5h6g P*5h 5i5h 1e1f 1g1f 1a1f 1i1f 8b5b 5e4f 3b4d 2h2d 4d5f 6g5f 8i5f L*5g 5f5g 4h5g P*5f 2d2e L*2b L*2d 5f5g+ 6h5g G*3d 2e5e 2b2d P*5c S*6g 5h6g L*6d P*6f 6d6f 5g6f 5b7b B*2c 2d2i+ 2c1b+ P*1e 1f1e P*1d 1e1d N*2b 1b2a 2b1d L*3e L*4c 4f5g 4c4g+ 5g4g 3a3b 2a1b P*1a 1b1a
[2026-02-14 15:31:43] cmd: go btime 0 wtime 0 byoyomi 120000
[2026-02-14 15:32:00] cmd: position startpos moves 2g2f 1c1d 2f2e 2b1c 3i4h 1d1e 7i6h 1c3e 7g7f 5c5d 9g9f 5d5e 8h9g 5e5f 3g3f 3e4d 5g5f 4d9i+ 9g5c+ 9i8i 5c4c N*3b 2e2d 2c2d 4i5h P*4b 4c6e L*6d 6e5e 6d6g+ 5h6g P*5h 5i5h 1e1f 1g1f 1a1f 1i1f 8b5b 5e4f 3b4d 2h2d 4d5f 6g5f 8i5f L*5g 5f5g 4h5g P*5f 2d2e L*2b L*2d 5f5g+ 6h5g G*3d 2e5e 2b2d P*5c S*6g 5h6g L*6d P*6f 6d6f 5g6f 5b7b B*2c 2d2i+ 2c1b+ P*1e 1f1e P*1d 1e1d N*2b 1b2a 2b1d L*3e L*4c 4f5g 4c4g+ 5g4g 3a3b 2a1b P*1a 1b1a 3d2e 3e3c+
[2026-02-14 15:32:00] cmd: go btime 0 wtime 0 byoyomi 120000
[2026-02-14 15:32:04] cmd: position startpos moves 2g2f 1c1d 2f2e 2b1c 3i4h 1d1e 7i6h 1c3e 7g7f 5c5d 9g9f 5d5e 8h9g 5e5f 3g3f 3e4d 5g5f 4d9i+ 9g5c+ 9i8i 5c4c N*3b 2e2d 2c2d 4i5h P*4b 4c6e L*6d 6e5e 6d6g+ 5h6g P*5h 5i5h 1e1f 1g1f 1a1f 1i1f 8b5b 5e4f 3b4d 2h2d 4d5f 6g5f 8i5f L*5g 5f5g 4h5g P*5f 2d2e L*2b L*2d 5f5g+ 6h5g G*3d 2e5e 2b2d P*5c S*6g 5h6g L*6d P*6f 6d6f 5g6f 5b7b B*2c 2d2i+ 2c1b+ P*1e 1f1e P*1d 1e1d N*2b 1b2a 2b1d L*3e L*4c 4f5g 4c4g+ 5g4g 3a3b 2a1b P*1a 1b1a 3d2e 3e3c+ 3b3c 1a3c
[2026-02-14 15:32:04] cmd: go btime 0 wtime 0 byoyomi 120000
[2026-02-14 15:33:03] cmd: position startpos moves 2g2f 1c1d 2f2e 2b1c 3i4h 1d1e 7i6h 1c3e 7g7f 5c5d 9g9f 5d5e 8h9g 5e5f 3g3f 3e4d 5g5f 4d9i+ 9g5c+ 9i8i 5c4c N*3b 2e2d 2c2d 4i5h P*4b 4c6e L*6d 6e5e 6d6g+ 5h6g P*5h 5i5h 1e1f 1g1f 1a1f 1i1f 8b5b 5e4f 3b4d 2h2d 4d5f 6g5f 8i5f L*5g 5f5g 4h5g P*5f 2d2e L*2b L*2d 5f5g+ 6h5g G*3d 2e5e 2b2d P*5c S*6g 5h6g L*6d P*6f 6d6f 5g6f 5b7b B*2c 2d2i+ 2c1b+ P*1e 1f1e P*1d 1e1d N*2b 1b2a 2b1d L*3e L*4c 4f5g 4c4g+ 5g4g 3a3b 2a1b P*1a 1b1a 3d2e 3e3c+ 3b3c 1a3c L*2a 4g8c
[2026-02-14 15:33:03] cmd: go btime 0 wtime 0 byoyomi 120000
[2026-02-14 15:33:12] cmd: position startpos moves 2g2f 1c1d 2f2e 2b1c 3i4h 1d1e 7i6h 1c3e 7g7f 5c5d 9g9f 5d5e 8h9g 5e5f 3g3f 3e4d 5g5f 4d9i+ 9g5c+ 9i8i 5c4c N*3b 2e2d 2c2d 4i5h P*4b 4c6e L*6d 6e5e 6d6g+ 5h6g P*5h 5i5h 1e1f 1g1f 1a1f 1i1f 8b5b 5e4f 3b4d 2h2d 4d5f 6g5f 8i5f L*5g 5f5g 4h5g P*5f 2d2e L*2b L*2d 5f5g+ 6h5g G*3d 2e5e 2b2d P*5c S*6g 5h6g L*6d P*6f 6d6f 5g6f 5b7b B*2c 2d2i+ 2c1b+ P*1e 1f1e P*1d 1e1d N*2b 1b2a 2b1d L*3e L*4c 4f5g 4c4g+ 5g4g 3a3b 2a1b P*1a 1b1a 3d2e 3e3c+ 3b3c 1a3c L*2a 4g8c 2e3f 8c2i
[2026-02-14 15:33:12] cmd: go btime 0 wtime 0 byoyomi 120000
[2026-02-14 15:33:35] cmd: position startpos moves 2g2f 1c1d 2f2e 2b1c 3i4h 1d1e 7i6h 1c3e 7g7f 5c5d 9g9f 5d5e 8h9g 5e5f 3g3f 3e4d 5g5f 4d9i+ 9g5c+ 9i8i 5c4c N*3b 2e2d 2c2d 4i5h P*4b 4c6e L*6d 6e5e 6d6g+ 5h6g P*5h 5i5h 1e1f 1g1f 1a1f 1i1f 8b5b 5e4f 3b4d 2h2d 4d5f 6g5f 8i5f L*5g 5f5g 4h5g P*5f 2d2e L*2b L*2d 5f5g+ 6h5g G*3d 2e5e 2b2d P*5c S*6g 5h6g L*6d P*6f 6d6f 5g6f 5b7b B*2c 2d2i+ 2c1b+ P*1e 1f1e P*1d 1e1d N*2b 1b2a 2b1d L*3e L*4c 4f5g 4c4g+ 5g4g 3a3b 2a1b P*1a 1b1a 3d2e 3e3c+ 3b3c 1a3c L*2a 4g8c 2e3f 8c7b
[2026-02-14 15:33:35] cmd: go btime 0 wtime 0 byoyomi 120000
[2026-02-14 15:33:54] cmd: position startpos moves 2g2f 1c1d 2f2e 2b1c 3i4h 1d1e 7i6h 1c3e 7g7f 5c5d 9g9f 5d5e 8h9g 5e5f 3g3f 3e4d 5g5f 4d9i+ 9g5c+ 9i8i 5c4c N*3b 2e2d 2c2d 4i5h P*4b 4c6e L*6d 6e5e 6d6g+ 5h6g P*5h 5i5h 1e1f 1g1f 1a1f 1i1f 8b5b 5e4f 3b4d 2h2d 4d5f 6g5f 8i5f L*5g 5f5g 4h5g P*5f 2d2e L*2b L*2d 5f5g+ 6h5g G*3d 2e5e 2b2d P*5c S*6g 5h6g L*6d P*6f 6d6f 5g6f 5b7b B*2c 2d2i+ 2c1b+ P*1e 1f1e P*1d 1e1d N*2b 1b2a 2b1d L*3e L*4c 4f5g 4c4g+ 5g4g 3a3b 2a1b P*1a 1b1a 3d2e 3e3c+ 3b3c 1a3c L*2a 4g8c 2e3f 8c7b 7a7b R*1a
[2026-02-14 15:33:54] cmd: go btime 0 wtime 0 byoyomi 120000
[2026-02-14 15:34:09] cmd: position startpos moves 2g2f 1c1d 2f2e 2b1c 3i4h 1d1e 7i6h 1c3e 7g7f 5c5d 9g9f 5d5e 8h9g 5e5f 3g3f 3e4d 5g5f 4d9i+ 9g5c+ 9i8i 5c4c N*3b 2e2d 2c2d 4i5h P*4b 4c6e L*6d 6e5e 6d6g+ 5h6g P*5h 5i5h 1e1f 1g1f 1a1f 1i1f 8b5b 5e4f 3b4d 2h2d 4d5f 6g5f 8i5f L*5g 5f5g 4h5g P*5f 2d2e L*2b L*2d 5f5g+ 6h5g G*3d 2e5e 2b2d P*5c S*6g 5h6g L*6d P*6f 6d6f 5g6f 5b7b B*2c 2d2i+ 2c1b+ P*1e 1f1e P*1d 1e1d N*2b 1b2a 2b1d L*3e L*4c 4f5g 4c4g+ 5g4g 3a3b 2a1b P*1a 1b1a 3d2e 3e3c+ 3b3c 1a3c L*2a 4g8c 2e3f 8c7b 7a7b R*1a B*4i 6g7g
[2026-02-14 15:34:09] cmd: go btime 0 wtime 0 byoyomi 120000
[2026-02-14 15:34:24] cmd: position startpos moves 2g2f 1c1d 2f2e 2b1c 3i4h 1d1e 7i6h 1c3e 7g7f 5c5d 9g9f 5d5e 8h9g 5e5f 3g3f 3e4d 5g5f 4d9i+ 9g5c+ 9i8i 5c4c N*3b 2e2d 2c2d 4i5h P*4b 4c6e L*6d 6e5e 6d6g+ 5h6g P*5h 5i5h 1e1f 1g1f 1a1f 1i1f 8b5b 5e4f 3b4d 2h2d 4d5f 6g5f 8i5f L*5g 5f5g 4h5g P*5f 2d2e L*2b L*2d 5f5g+ 6h5g G*3d 2e5e 2b2d P*5c S*6g 5h6g L*6d P*6f 6d6f 5g6f 5b7b B*2c 2d2i+ 2c1b+ P*1e 1f1e P*1d 1e1d N*2b 1b2a 2b1d L*3e L*4c 4f5g 4c4g+ 5g4g 3a3b 2a1b P*1a 1b1a 3d2e 3e3c+ 3b3c 1a3c L*2a 4g8c 2e3f 8c7b 7a7b R*1a B*4i 6g7g 4i1f+ 1a1d+
[2026-02-14 15:34:24] cmd: go btime 0 wtime 0 byoyomi 120000
[2026-02-14 15:34:42] cmd: position startpos moves 2g2f 1c1d 2f2e 2b1c 3i4h 1d1e 7i6h 1c3e 7g7f 5c5d 9g9f 5d5e 8h9g 5e5f 3g3f 3e4d 5g5f 4d9i+ 9g5c+ 9i8i 5c4c N*3b 2e2d 2c2d 4i5h P*4b 4c6e L*6d 6e5e 6d6g+ 5h6g P*5h 5i5h 1e1f 1g1f 1a1f 1i1f 8b5b 5e4f 3b4d 2h2d 4d5f 6g5f 8i5f L*5g 5f5g 4h5g P*5f 2d2e L*2b L*2d 5f5g+ 6h5g G*3d 2e5e 2b2d P*5c S*6g 5h6g L*6d P*6f 6d6f 5g6f 5b7b B*2c 2d2i+ 2c1b+ P*1e 1f1e P*1d 1e1d N*2b 1b2a 2b1d L*3e L*4c 4f5g 4c4g+ 5g4g 3a3b 2a1b P*1a 1b1a 3d2e 3e3c+ 3b3c 1a3c L*2a 4g8c 2e3f 8c7b 7a7b R*1a B*4i 6g7g 4i1f+ 1a1d+ P*1e S*2e
[2026-02-14 15:34:42] cmd: go btime 0 wtime 0 byoyomi 120000
[2026-02-14 15:35:22] cmd: position startpos moves 2g2f 1c1d 2f2e 2b1c 3i4h 1d1e 7i6h 1c3e 7g7f 5c5d 9g9f 5d5e 8h9g 5e5f 3g3f 3e4d 5g5f 4d9i+ 9g5c+ 9i8i 5c4c N*3b 2e2d 2c2d 4i5h P*4b 4c6e L*6d 6e5e 6d6g+ 5h6g P*5h 5i5h 1e1f 1g1f 1a1f 1i1f 8b5b 5e4f 3b4d 2h2d 4d5f 6g5f 8i5f L*5g 5f5g 4h5g P*5f 2d2e L*2b L*2d 5f5g+ 6h5g G*3d 2e5e 2b2d P*5c S*6g 5h6g L*6d P*6f 6d6f 5g6f 5b7b B*2c 2d2i+ 2c1b+ P*1e 1f1e P*1d 1e1d N*2b 1b2a 2b1d L*3e L*4c 4f5g 4c4g+ 5g4g 3a3b 2a1b P*1a 1b1a 3d2e 3e3c+ 3b3c 1a3c L*2a 4g8c 2e3f 8c7b 7a7b R*1a B*4i 6g7g 4i1f+ 1a1d+ P*1e N*4d
[2026-02-14 15:35:22] cmd: go btime 0 wtime 0 byoyomi 120000
[2026-02-14 15:35:35] cmd: position startpos moves 2g2f 1c1d 2f2e 2b1c 3i4h 1d1e 7i6h 1c3e 7g7f 5c5d 9g9f 5d5e 8h9g 5e5f 3g3f 3e4d 5g5f 4d9i+ 9g5c+ 9i8i 5c4c N*3b 2e2d 2c2d 4i5h P*4b 4c6e L*6d 6e5e 6d6g+ 5h6g P*5h 5i5h 1e1f 1g1f 1a1f 1i1f 8b5b 5e4f 3b4d 2h2d 4d5f 6g5f 8i5f L*5g 5f5g 4h5g P*5f 2d2e L*2b L*2d 5f5g+ 6h5g G*3d 2e5e 2b2d P*5c S*6g 5h6g L*6d P*6f 6d6f 5g6f 5b7b B*2c 2d2i+ 2c1b+ P*1e 1f1e P*1d 1e1d N*2b 1b2a 2b1d L*3e L*4c 4f5g 4c4g+ 5g4g 3a3b 2a1b P*1a 1b1a 3d2e 3e3c+ 3b3c 1a3c L*2a 4g8c 2e3f 8c7b 7a7b R*1a B*4i 6g7g 4i1f+ 1a1d+ P*1e N*4d 5a6b 5c5b+
[2026-02-14 15:35:35] cmd: go btime 0 wtime 0 byoyomi 120000
[2026-02-14 15:35:39] cmd: position startpos moves 2g2f 1c1d 2f2e 2b1c 3i4h 1d1e 7i6h 1c3e 7g7f 5c5d 9g9f 5d5e 8h9g 5e5f 3g3f 3e4d 5g5f 4d9i+ 9g5c+ 9i8i 5c4c N*3b 2e2d 2c2d 4i5h P*4b 4c6e L*6d 6e5e 6d6g+ 5h6g P*5h 5i5h 1e1f 1g1f 1a1f 1i1f 8b5b 5e4f 3b4d 2h2d 4d5f 6g5f 8i5f L*5g 5f5g 4h5g P*5f 2d2e L*2b L*2d 5f5g+ 6h5g G*3d 2e5e 2b2d P*5c S*6g 5h6g L*6d P*6f 6d6f 5g6f 5b7b B*2c 2d2i+ 2c1b+ P*1e 1f1e P*1d 1e1d N*2b 1b2a 2b1d L*3e L*4c 4f5g 4c4g+ 5g4g 3a3b 2a1b P*1a 1b1a 3d2e 3e3c+ 3b3c 1a3c L*2a 4g8c 2e3f 8c7b 7a7b R*1a B*4i 6g7g 4i1f+ 1a1d+ P*1e N*4d 5a6b 5c5b+ 6a5b 4d5b+
[2026-02-14 15:35:39] cmd: go btime 0 wtime 0 byoyomi 120000
[2026-02-14 15:35:52] cmd: position startpos moves 2g2f 1c1d 2f2e 2b1c 3i4h 1d1e 7i6h 1c3e 7g7f 5c5d 9g9f 5d5e 8h9g 5e5f 3g3f 3e4d 5g5f 4d9i+ 9g5c+ 9i8i 5c4c N*3b 2e2d 2c2d 4i5h P*4b 4c6e L*6d 6e5e 6d6g+ 5h6g P*5h 5i5h 1e1f 1g1f 1a1f 1i1f 8b5b 5e4f 3b4d 2h2d 4d5f 6g5f 8i5f L*5g 5f5g 4h5g P*5f 2d2e L*2b L*2d 5f5g+ 6h5g G*3d 2e5e 2b2d P*5c S*6g 5h6g L*6d P*6f 6d6f 5g6f 5b7b B*2c 2d2i+ 2c1b+ P*1e 1f1e P*1d 1e1d N*2b 1b2a 2b1d L*3e L*4c 4f5g 4c4g+ 5g4g 3a3b 2a1b P*1a 1b1a 3d2e 3e3c+ 3b3c 1a3c L*2a 4g8c 2e3f 8c7b 7a7b R*1a B*4i 6g7g 4i1f+ 1a1d+ P*1e N*4d 5a6b 5c5b+ 6a5b 4d5b+ 4a5b 3c3b
[2026-02-14 15:35:52] cmd: go btime 0 wtime 0 byoyomi 120000
[2026-02-14 15:36:24] cmd: position startpos moves 2g2f 1c1d 2f2e 2b1c 3i4h 1d1e 7i6h 1c3e 7g7f 5c5d 9g9f 5d5e 8h9g 5e5f 3g3f 3e4d 5g5f 4d9i+ 9g5c+ 9i8i 5c4c N*3b 2e2d 2c2d 4i5h P*4b 4c6e L*6d 6e5e 6d6g+ 5h6g P*5h 5i5h 1e1f 1g1f 1a1f 1i1f 8b5b 5e4f 3b4d 2h2d 4d5f 6g5f 8i5f L*5g 5f5g 4h5g P*5f 2d2e L*2b L*2d 5f5g+ 6h5g G*3d 2e5e 2b2d P*5c S*6g 5h6g L*6d P*6f 6d6f 5g6f 5b7b B*2c 2d2i+ 2c1b+ P*1e 1f1e P*1d 1e1d N*2b 1b2a 2b1d L*3e L*4c 4f5g 4c4g+ 5g4g 3a3b 2a1b P*1a 1b1a 3d2e 3e3c+ 3b3c 1a3c L*2a 4g8c 2e3f 8c7b 7a7b R*1a B*4i 6g7g 4i1f+ 1a1d+ P*1e N*4d 5a6b 5c5b+ 6a5b 4d5b+ 4a5b 3c3b N*7d 6f7e
[2026-02-14 15:36:24] cmd: go btime 0 wtime 0 byoyomi 120000
[2026-02-14 15:37:03] cmd: position startpos moves 2g2f 1c1d 2f2e 2b1c 3i4h 1d1e 7i6h 1c3e 7g7f 5c5d 9g9f 5d5e 8h9g 5e5f 3g3f 3e4d 5g5f 4d9i+ 9g5c+ 9i8i 5c4c N*3b 2e2d 2c2d 4i5h P*4b 4c6e L*6d 6e5e 6d6g+ 5h6g P*5h 5i5h 1e1f 1g1f 1a1f 1i1f 8b5b 5e4f 3b4d 2h2d 4d5f 6g5f 8i5f L*5g 5f5g 4h5g P*5f 2d2e L*2b L*2d 5f5g+ 6h5g G*3d 2e5e 2b2d P*5c S*6g 5h6g L*6d P*6f 6d6f 5g6f 5b7b B*2c 2d2i+ 2c1b+ P*1e 1f1e P*1d 1e1d N*2b 1b2a 2b1d L*3e L*4c 4f5g 4c4g+ 5g4g 3a3b 2a1b P*1a 1b1a 3d2e 3e3c+ 3b3c 1a3c L*2a 4g8c 2e3f 8c7b 7a7b R*1a B*4i 6g7g 4i1f+ 1a1d+ P*1e N*4d 5a6b 5c5b+ 6a5b 4d5b+ 4a5b 3c3b N*7d 6f7e 2a2g+ S*2e
[2026-02-14 15:37:03] cmd: go btime 0 wtime 0 byoyomi 120000
[2026-02-14 15:37:20] cmd: position startpos moves 2g2f 1c1d 2f2e 2b1c 3i4h 1d1e 7i6h 1c3e 7g7f 5c5d 9g9f 5d5e 8h9g 5e5f 3g3f 3e4d 5g5f 4d9i+ 9g5c+ 9i8i 5c4c N*3b 2e2d 2c2d 4i5h P*4b 4c6e L*6d 6e5e 6d6g+ 5h6g P*5h 5i5h 1e1f 1g1f 1a1f 1i1f 8b5b 5e4f 3b4d 2h2d 4d5f 6g5f 8i5f L*5g 5f5g 4h5g P*5f 2d2e L*2b L*2d 5f5g+ 6h5g G*3d 2e5e 2b2d P*5c S*6g 5h6g L*6d P*6f 6d6f 5g6f 5b7b B*2c 2d2i+ 2c1b+ P*1e 1f1e P*1d 1e1d N*2b 1b2a 2b1d L*3e L*4c 4f5g 4c4g+ 5g4g 3a3b 2a1b P*1a 1b1a 3d2e 3e3c+ 3b3c 1a3c L*2a 4g8c 2e3f 8c7b 7a7b R*1a B*4i 6g7g 4i1f+ 1a1d+ P*1e N*4d 5a6b 5c5b+ 6a5b 4d5b+ 4a5b 3c3b N*7d 6f7e 2a2g+ S*2e 1f2f 2e3f
[2026-02-14 15:37:20] cmd: go btime 0 wtime 0 byoyomi 120000
[2026-02-14 15:37:37] cmd: position startpos moves 2g2f 1c1d 2f2e 2b1c 3i4h 1d1e 7i6h 1c3e 7g7f 5c5d 9g9f 5d5e 8h9g 5e5f 3g3f 3e4d 5g5f 4d9i+ 9g5c+ 9i8i 5c4c N*3b 2e2d 2c2d 4i5h P*4b 4c6e L*6d 6e5e 6d6g+ 5h6g P*5h 5i5h 1e1f 1g1f 1a1f 1i1f 8b5b 5e4f 3b4d 2h2d 4d5f 6g5f 8i5f L*5g 5f5g 4h5g P*5f 2d2e L*2b L*2d 5f5g+ 6h5g G*3d 2e5e 2b2d P*5c S*6g 5h6g L*6d P*6f 6d6f 5g6f 5b7b B*2c 2d2i+ 2c1b+ P*1e 1f1e P*1d 1e1d N*2b 1b2a 2b1d L*3e L*4c 4f5g 4c4g+ 5g4g 3a3b 2a1b P*1a 1b1a 3d2e 3e3c+ 3b3c 1a3c L*2a 4g8c 2e3f 8c7b 7a7b R*1a B*4i 6g7g 4i1f+ 1a1d+ P*1e N*4d 5a6b 5c5b+ 6a5b 4d5b+ 4a5b 3c3b N*7d 6f7e 2a2g+ S*2e 1f2f 2e3f 2f3f 1d3d
[2026-02-14 15:37:37] cmd: go btime 0 wtime 0 byoyomi 120000
[2026-02-14 15:37:55] cmd: position startpos moves 2g2f 1c1d 2f2e 2b1c 3i4h 1d1e 7i6h 1c3e 7g7f 5c5d 9g9f 5d5e 8h9g 5e5f 3g3f 3e4d 5g5f 4d9i+ 9g5c+ 9i8i 5c4c N*3b 2e2d 2c2d 4i5h P*4b 4c6e L*6d 6e5e 6d6g+ 5h6g P*5h 5i5h 1e1f 1g1f 1a1f 1i1f 8b5b 5e4f 3b4d 2h2d 4d5f 6g5f 8i5f L*5g 5f5g 4h5g P*5f 2d2e L*2b L*2d 5f5g+ 6h5g G*3d 2e5e 2b2d P*5c S*6g 5h6g L*6d P*6f 6d6f 5g6f 5b7b B*2c 2d2i+ 2c1b+ P*1e 1f1e P*1d 1e1d N*2b 1b2a 2b1d L*3e L*4c 4f5g 4c4g+ 5g4g 3a3b 2a1b P*1a 1b1a 3d2e 3e3c+ 3b3c 1a3c L*2a 4g8c 2e3f 8c7b 7a7b R*1a B*4i 6g7g 4i1f+ 1a1d+ P*1e N*4d 5a6b 5c5b+ 6a5b 4d5b+ 4a5b 3c3b N*7d 6f7e 2a2g+ S*2e 1f2f 2e3f 2f3f 1d3d 3f6i N*5d
[2026-02-14 15:37:55] cmd: go btime 0 wtime 0 byoyomi 120000
[2026-02-14 15:38:19] cmd: position startpos moves 2g2f 1c1d 2f2e 2b1c 3i4h 1d1e 7i6h 1c3e 7g7f 5c5d 9g9f 5d5e 8h9g 5e5f 3g3f 3e4d 5g5f 4d9i+ 9g5c+ 9i8i 5c4c N*3b 2e2d 2c2d 4i5h P*4b 4c6e L*6d 6e5e 6d6g+ 5h6g P*5h 5i5h 1e1f 1g1f 1a1f 1i1f 8b5b 5e4f 3b4d 2h2d 4d5f 6g5f 8i5f L*5g 5f5g 4h5g P*5f 2d2e L*2b L*2d 5f5g+ 6h5g G*3d 2e5e 2b2d P*5c S*6g 5h6g L*6d P*6f 6d6f 5g6f 5b7b B*2c 2d2i+ 2c1b+ P*1e 1f1e P*1d 1e1d N*2b 1b2a 2b1d L*3e L*4c 4f5g 4c4g+ 5g4g 3a3b 2a1b P*1a 1b1a 3d2e 3e3c+ 3b3c 1a3c L*2a 4g8c 2e3f 8c7b 7a7b R*1a B*4i 6g7g 4i1f+ 1a1d+ P*1e N*4d 5a6b 5c5b+ 6a5b 4d5b+ 4a5b 3c3b N*7d 6f7e 2a2g+ S*2e 1f2f 2e3f 2f3f 1d3d 3f6i N*5d 6b7a 5d4b+
[2026-02-14 15:38:19] cmd: go btime 0 wtime 0 byoyomi 120000
[2026-02-14 15:39:31] cmd: position startpos moves 2g2f 1c1d 2f2e 2b1c 3i4h 1d1e 7i6h 1c3e 7g7f 5c5d 9g9f 5d5e 8h9g 5e5f 3g3f 3e4d 5g5f 4d9i+ 9g5c+ 9i8i 5c4c N*3b 2e2d 2c2d 4i5h P*4b 4c6e L*6d 6e5e 6d6g+ 5h6g P*5h 5i5h 1e1f 1g1f 1a1f 1i1f 8b5b 5e4f 3b4d 2h2d 4d5f 6g5f 8i5f L*5g 5f5g 4h5g P*5f 2d2e L*2b L*2d 5f5g+ 6h5g G*3d 2e5e 2b2d P*5c S*6g 5h6g L*6d P*6f 6d6f 5g6f 5b7b B*2c 2d2i+ 2c1b+ P*1e 1f1e P*1d 1e1d N*2b 1b2a 2b1d L*3e L*4c 4f5g 4c4g+ 5g4g 3a3b 2a1b P*1a 1b1a 3d2e 3e3c+ 3b3c 1a3c L*2a 4g8c 2e3f 8c7b 7a7b R*1a B*4i 6g7g 4i1f+ 1a1d+ P*1e N*4d 5a6b 5c5b+ 6a5b 4d5b+ 4a5b 3c3b N*7d 6f7e 2a2g+ S*2e 1f2f 2e3f 2f3f 1d3d 3f6i N*5d 6b7a 5d4b+ S*6h 7g6g
[2026-02-14 15:39:31] cmd: go btime 0 wtime 0 byoyomi 120000
[2026-02-14 15:40:03] cmd: position startpos moves 2g2f 1c1d 2f2e 2b1c 3i4h 1d1e 7i6h 1c3e 7g7f 5c5d 9g9f 5d5e 8h9g 5e5f 3g3f 3e4d 5g5f 4d9i+ 9g5c+ 9i8i 5c4c N*3b 2e2d 2c2d 4i5h P*4b 4c6e L*6d 6e5e 6d6g+ 5h6g P*5h 5i5h 1e1f 1g1f 1a1f 1i1f 8b5b 5e4f 3b4d 2h2d 4d5f 6g5f 8i5f L*5g 5f5g 4h5g P*5f 2d2e L*2b L*2d 5f5g+ 6h5g G*3d 2e5e 2b2d P*5c S*6g 5h6g L*6d P*6f 6d6f 5g6f 5b7b B*2c 2d2i+ 2c1b+ P*1e 1f1e P*1d 1e1d N*2b 1b2a 2b1d L*3e L*4c 4f5g 4c4g+ 5g4g 3a3b 2a1b P*1a 1b1a 3d2e 3e3c+ 3b3c 1a3c L*2a 4g8c 2e3f 8c7b 7a7b R*1a B*4i 6g7g 4i1f+ 1a1d+ P*1e N*4d 5a6b 5c5b+ 6a5b 4d5b+ 4a5b 3c3b N*7d 6f7e 2a2g+ S*2e 1f2f 2e3f 2f3f 1d3d 3f6i N*5d 6b7a 5d4b+ S*6h 7g6g G*7g 6g5f
[2026-02-14 15:40:03] cmd: go btime 0 wtime 0 byoyomi 120000
[2026-02-14 15:40:16] cmd: position startpos moves 2g2f 1c1d 2f2e 2b1c 3i4h 1d1e 7i6h 1c3e 7g7f 5c5d 9g9f 5d5e 8h9g 5e5f 3g3f 3e4d 5g5f 4d9i+ 9g5c+ 9i8i 5c4c N*3b 2e2d 2c2d 4i5h P*4b 4c6e L*6d 6e5e 6d6g+ 5h6g P*5h 5i5h 1e1f 1g1f 1a1f 1i1f 8b5b 5e4f 3b4d 2h2d 4d5f 6g5f 8i5f L*5g 5f5g 4h5g P*5f 2d2e L*2b L*2d 5f5g+ 6h5g G*3d 2e5e 2b2d P*5c S*6g 5h6g L*6d P*6f 6d6f 5g6f 5b7b B*2c 2d2i+ 2c1b+ P*1e 1f1e P*1d 1e1d N*2b 1b2a 2b1d L*3e L*4c 4f5g 4c4g+ 5g4g 3a3b 2a1b P*1a 1b1a 3d2e 3e3c+ 3b3c 1a3c L*2a 4g8c 2e3f 8c7b 7a7b R*1a B*4i 6g7g 4i1f+ 1a1d+ P*1e N*4d 5a6b 5c5b+ 6a5b 4d5b+ 4a5b 3c3b N*7d 6f7e 2a2g+ S*2e 1f2f 2e3f 2f3f 1d3d 3f6i N*5d 6b7a 5d4b+ S*6h 7g6g G*7g 6g5f 6i7h 5f4f
[2026-02-14 15:40:16] cmd: go btime 0 wtime 0 byoyomi 120000
[2026-02-14 15:40:42] cmd: position startpos moves 2g2f 1c1d 2f2e 2b1c 3i4h 1d1e 7i6h 1c3e 7g7f 5c5d 9g9f 5d5e 8h9g 5e5f 3g3f 3e4d 5g5f 4d9i+ 9g5c+ 9i8i 5c4c N*3b 2e2d 2c2d 4i5h P*4b 4c6e L*6d 6e5e 6d6g+ 5h6g P*5h 5i5h 1e1f 1g1f 1a1f 1i1f 8b5b 5e4f 3b4d 2h2d 4d5f 6g5f 8i5f L*5g 5f5g 4h5g P*5f 2d2e L*2b L*2d 5f5g+ 6h5g G*3d 2e5e 2b2d P*5c S*6g 5h6g L*6d P*6f 6d6f 5g6f 5b7b B*2c 2d2i+ 2c1b+ P*1e 1f1e P*1d 1e1d N*2b 1b2a 2b1d L*3e L*4c 4f5g 4c4g+ 5g4g 3a3b 2a1b P*1a 1b1a 3d2e 3e3c+ 3b3c 1a3c L*2a 4g8c 2e3f 8c7b 7a7b R*1a B*4i 6g7g 4i1f+ 1a1d+ P*1e N*4d 5a6b 5c5b+ 6a5b 4d5b+ 4a5b 3c3b N*7d 6f7e 2a2g+ S*2e 1f2f 2e3f 2f3f 1d3d 3f6i N*5d 6b7a 5d4b+ S*6h 7g6g G*7g 6g5f 6i7h 5f4f 7h3d 4b5b
[2026-02-14 15:40:42] cmd: go btime 0 wtime 0 byoyomi 120000
[2026-02-14 15:41:25] cmd: position startpos moves 2g2f 1c1d 2f2e 2b1c 3i4h 1d1e 7i6h 1c3e 7g7f 5c5d 9g9f 5d5e 8h9g 5e5f 3g3f 3e4d 5g5f 4d9i+ 9g5c+ 9i8i 5c4c N*3b 2e2d 2c2d 4i5h P*4b 4c6e L*6d 6e5e 6d6g+ 5h6g P*5h 5i5h 1e1f 1g1f 1a1f 1i1f 8b5b 5e4f 3b4d 2h2d 4d5f 6g5f 8i5f L*5g 5f5g 4h5g P*5f 2d2e L*2b L*2d 5f5g+ 6h5g G*3d 2e5e 2b2d P*5c S*6g 5h6g L*6d P*6f 6d6f 5g6f 5b7b B*2c 2d2i+ 2c1b+ P*1e 1f1e P*1d 1e1d N*2b 1b2a 2b1d L*3e L*4c 4f5g 4c4g+ 5g4g 3a3b 2a1b P*1a 1b1a 3d2e 3e3c+ 3b3c 1a3c L*2a 4g8c 2e3f 8c7b 7a7b R*1a B*4i 6g7g 4i1f+ 1a1d+ P*1e N*4d 5a6b 5c5b+ 6a5b 4d5b+ 4a5b 3c3b N*7d 6f7e 2a2g+ S*2e 1f2f 2e3f 2f3f 1d3d 3f6i N*5d 6b7a 5d4b+ S*6h 7g6g G*7g 6g5f 6i7h 5f4f 7h3d 4b5b P*4e 4f5f
[2026-02-14 15:41:25] cmd: go btime 0 wtime 0 byoyomi 120000
[2026-02-14 15:41:45] cmd: position startpos moves 2g2f 1c1d 2f2e 2b1c 3i4h 1d1e 7i6h 1c3e 7g7f 5c5d 9g9f 5d5e 8h9g 5e5f 3g3f 3e4d 5g5f 4d9i+ 9g5c+ 9i8i 5c4c N*3b 2e2d 2c2d 4i5h P*4b 4c6e L*6d 6e5e 6d6g+ 5h6g P*5h 5i5h 1e1f 1g1f 1a1f 1i1f 8b5b 5e4f 3b4d 2h2d 4d5f 6g5f 8i5f L*5g 5f5g 4h5g P*5f 2d2e L*2b L*2d 5f5g+ 6h5g G*3d 2e5e 2b2d P*5c S*6g 5h6g L*6d P*6f 6d6f 5g6f 5b7b B*2c 2d2i+ 2c1b+ P*1e 1f1e P*1d 1e1d N*2b 1b2a 2b1d L*3e L*4c 4f5g 4c4g+ 5g4g 3a3b 2a1b P*1a 1b1a 3d2e 3e3c+ 3b3c 1a3c L*2a 4g8c 2e3f 8c7b 7a7b R*1a B*4i 6g7g 4i1f+ 1a1d+ P*1e N*4d 5a6b 5c5b+ 6a5b 4d5b+ 4a5b 3c3b N*7d 6f7e 2a2g+ S*2e 1f2f 2e3f 2f3f 1d3d 3f6i N*5d 6b7a 5d4b+ S*6h 7g6g G*7g 6g5f 6i7h 5f4f 7h3d 4b5b P*4e 4f5f R*5g 5f6e
[2026-02-14 15:41:45] cmd: go btime 0 wtime 0 byoyomi 120000
[2026-02-14 15:41:55] cmd: position startpos moves 2g2f 1c1d 2f2e 2b1c 3i4h 1d1e 7i6h 1c3e 7g7f 5c5d 9g9f 5d5e 8h9g 5e5f 3g3f 3e4d 5g5f 4d9i+ 9g5c+ 9i8i 5c4c N*3b 2e2d 2c2d 4i5h P*4b 4c6e L*6d 6e5e 6d6g+ 5h6g P*5h 5i5h 1e1f 1g1f 1a1f 1i1f 8b5b 5e4f 3b4d 2h2d 4d5f 6g5f 8i5f L*5g 5f5g 4h5g P*5f 2d2e L*2b L*2d 5f5g+ 6h5g G*3d 2e5e 2b2d P*5c S*6g 5h6g L*6d P*6f 6d6f 5g6f 5b7b B*2c 2d2i+ 2c1b+ P*1e 1f1e P*1d 1e1d N*2b 1b2a 2b1d L*3e L*4c 4f5g 4c4g+ 5g4g 3a3b 2a1b P*1a 1b1a 3d2e 3e3c+ 3b3c 1a3c L*2a 4g8c 2e3f 8c7b 7a7b R*1a B*4i 6g7g 4i1f+ 1a1d+ P*1e N*4d 5a6b 5c5b+ 6a5b 4d5b+ 4a5b 3c3b N*7d 6f7e 2a2g+ S*2e 1f2f 2e3f 2f3f 1d3d 3f6i N*5d 6b7a 5d4b+ S*6h 7g6g G*7g 6g5f 6i7h 5f4f 7h3d 4b5b P*4e 4f5f R*5g 5f6e 5g6g+ 6e5d
[2026-02-14 15:41:55] cmd: go btime 0 wtime 0 byoyomi 120000
[2026-02-14 15:42:10] cmd: position startpos moves 2g2f 1c1d 2f2e 2b1c 3i4h 1d1e 7i6h 1c3e 7g7f 5c5d 9g9f 5d5e 8h9g 5e5f 3g3f 3e4d 5g5f 4d9i+ 9g5c+ 9i8i 5c4c N*3b 2e2d 2c2d 4i5h P*4b 4c6e L*6d 6e5e 6d6g+ 5h6g P*5h 5i5h 1e1f 1g1f 1a1f 1i1f 8b5b 5e4f 3b4d 2h2d 4d5f 6g5f 8i5f L*5g 5f5g 4h5g P*5f 2d2e L*2b L*2d 5f5g+ 6h5g G*3d 2e5e 2b2d P*5c S*6g 5h6g L*6d P*6f 6d6f 5g6f 5b7b B*2c 2d2i+ 2c1b+ P*1e 1f1e P*1d 1e1d N*2b 1b2a 2b1d L*3e L*4c 4f5g 4c4g+ 5g4g 3a3b 2a1b P*1a 1b1a 3d2e 3e3c+ 3b3c 1a3c L*2a 4g8c 2e3f 8c7b 7a7b R*1a B*4i 6g7g 4i1f+ 1a1d+ P*1e N*4d 5a6b 5c5b+ 6a5b 4d5b+ 4a5b 3c3b N*7d 6f7e 2a2g+ S*2e 1f2f 2e3f 2f3f 1d3d 3f6i N*5d 6b7a 5d4b+ S*6h 7g6g G*7g 6g5f 6i7h 5f4f 7h3d 4b5b P*4e 4f5f R*5g 5f6e 5g6g+ 6e5d 3d5b G*5c
[2026-02-14 15:42:10] cmd: go btime 0 wtime 0 byoyomi 120000
[2026-02-14 15:42:29] cmd: position startpos moves 2g2f 1c1d 2f2e 2b1c 3i4h 1d1e 7i6h 1c3e 7g7f 5c5d 9g9f 5d5e 8h9g 5e5f 3g3f 3e4d 5g5f 4d9i+ 9g5c+ 9i8i 5c4c N*3b 2e2d 2c2d 4i5h P*4b 4c6e L*6d 6e5e 6d6g+ 5h6g P*5h 5i5h 1e1f 1g1f 1a1f 1i1f 8b5b 5e4f 3b4d 2h2d 4d5f 6g5f 8i5f L*5g 5f5g 4h5g P*5f 2d2e L*2b L*2d 5f5g+ 6h5g G*3d 2e5e 2b2d P*5c S*6g 5h6g L*6d P*6f 6d6f 5g6f 5b7b B*2c 2d2i+ 2c1b+ P*1e 1f1e P*1d 1e1d N*2b 1b2a 2b1d L*3e L*4c 4f5g 4c4g+ 5g4g 3a3b 2a1b P*1a 1b1a 3d2e 3e3c+ 3b3c 1a3c L*2a 4g8c 2e3f 8c7b 7a7b R*1a B*4i 6g7g 4i1f+ 1a1d+ P*1e N*4d 5a6b 5c5b+ 6a5b 4d5b+ 4a5b 3c3b N*7d 6f7e 2a2g+ S*2e 1f2f 2e3f 2f3f 1d3d 3f6i N*5d 6b7a 5d4b+ S*6h 7g6g G*7g 6g5f 6i7h 5f4f 7h3d 4b5b P*4e 4f5f R*5g 5f6e 5g6g+ 6e5d 3d5b G*5c 5b5c 5d5c
[2026-02-14 15:42:29] cmd: go btime 0 wtime 0 byoyomi 120000
[2026-02-14 15:43:30] cmd: position startpos moves 2g2f 1c1d 2f2e 2b1c 3i4h 1d1e 7i6h 1c3e 7g7f 5c5d 9g9f 5d5e 8h9g 5e5f 3g3f 3e4d 5g5f 4d9i+ 9g5c+ 9i8i 5c4c N*3b 2e2d 2c2d 4i5h P*4b 4c6e L*6d 6e5e 6d6g+ 5h6g P*5h 5i5h 1e1f 1g1f 1a1f 1i1f 8b5b 5e4f 3b4d 2h2d 4d5f 6g5f 8i5f L*5g 5f5g 4h5g P*5f 2d2e L*2b L*2d 5f5g+ 6h5g G*3d 2e5e 2b2d P*5c S*6g 5h6g L*6d P*6f 6d6f 5g6f 5b7b B*2c 2d2i+ 2c1b+ P*1e 1f1e P*1d 1e1d N*2b 1b2a 2b1d L*3e L*4c 4f5g 4c4g+ 5g4g 3a3b 2a1b P*1a 1b1a 3d2e 3e3c+ 3b3c 1a3c L*2a 4g8c 2e3f 8c7b 7a7b R*1a B*4i 6g7g 4i1f+ 1a1d+ P*1e N*4d 5a6b 5c5b+ 6a5b 4d5b+ 4a5b 3c3b N*7d 6f7e 2a2g+ S*2e 1f2f 2e3f 2f3f 1d3d 3f6i N*5d 6b7a 5d4b+ S*6h 7g6g G*7g 6g5f 6i7h 5f4f 7h3d 4b5b P*4e 4f5f R*5g 5f6e 5g6g+ 6e5d 3d5b G*5c 5b5c 5d5c N*6a 5c4c
[2026-02-14 15:43:30] cmd: go btime 0 wtime 0 byoyomi 120000
[2026-02-14 15:44:42] cmd: position startpos moves 2g2f 1c1d 2f2e 2b1c 3i4h 1d1e 7i6h 1c3e 7g7f 5c5d 9g9f 5d5e 8h9g 5e5f 3g3f 3e4d 5g5f 4d9i+ 9g5c+ 9i8i 5c4c N*3b 2e2d 2c2d 4i5h P*4b 4c6e L*6d 6e5e 6d6g+ 5h6g P*5h 5i5h 1e1f 1g1f 1a1f 1i1f 8b5b 5e4f 3b4d 2h2d 4d5f 6g5f 8i5f L*5g 5f5g 4h5g P*5f 2d2e L*2b L*2d 5f5g+ 6h5g G*3d 2e5e 2b2d P*5c S*6g 5h6g L*6d P*6f 6d6f 5g6f 5b7b B*2c 2d2i+ 2c1b+ P*1e 1f1e P*1d 1e1d N*2b 1b2a 2b1d L*3e L*4c 4f5g 4c4g+ 5g4g 3a3b 2a1b P*1a 1b1a 3d2e 3e3c+ 3b3c 1a3c L*2a 4g8c 2e3f 8c7b 7a7b R*1a B*4i 6g7g 4i1f+ 1a1d+ P*1e N*4d 5a6b 5c5b+ 6a5b 4d5b+ 4a5b 3c3b N*7d 6f7e 2a2g+ S*2e 1f2f 2e3f 2f3f 1d3d 3f6i N*5d 6b7a 5d4b+ S*6h 7g6g G*7g 6g5f 6i7h 5f4f 7h3d 4b5b P*4e 4f5f R*5g 5f6e 5g6g+ 6e5d 3d5b G*5c 5b5c 5d5c N*6a 5c4c 6g3g G*6b
[2026-02-14 15:44:42] cmd: go btime 0 wtime 0 byoyomi 120000
[2026-02-14 15:44:55] cmd: position startpos moves 2g2f 1c1d 2f2e 2b1c 3i4h 1d1e 7i6h 1c3e 7g7f 5c5d 9g9f 5d5e 8h9g 5e5f 3g3f 3e4d 5g5f 4d9i+ 9g5c+ 9i8i 5c4c N*3b 2e2d 2c2d 4i5h P*4b 4c6e L*6d 6e5e 6d6g+ 5h6g P*5h 5i5h 1e1f 1g1f 1a1f 1i1f 8b5b 5e4f 3b4d 2h2d 4d5f 6g5f 8i5f L*5g 5f5g 4h5g P*5f 2d2e L*2b L*2d 5f5g+ 6h5g G*3d 2e5e 2b2d P*5c S*6g 5h6g L*6d P*6f 6d6f 5g6f 5b7b B*2c 2d2i+ 2c1b+ P*1e 1f1e P*1d 1e1d N*2b 1b2a 2b1d L*3e L*4c 4f5g 4c4g+ 5g4g 3a3b 2a1b P*1a 1b1a 3d2e 3e3c+ 3b3c 1a3c L*2a 4g8c 2e3f 8c7b 7a7b R*1a B*4i 6g7g 4i1f+ 1a1d+ P*1e N*4d 5a6b 5c5b+ 6a5b 4d5b+ 4a5b 3c3b N*7d 6f7e 2a2g+ S*2e 1f2f 2e3f 2f3f 1d3d 3f6i N*5d 6b7a 5d4b+ S*6h 7g6g G*7g 6g5f 6i7h 5f4f 7h3d 4b5b P*4e 4f5f R*5g 5f6e 5g6g+ 6e5d 3d5b G*5c 5b5c 5d5c N*6a 5c4c 6g3g G*6b 7a6b G*5b
[2026-02-14 15:44:55] cmd: go btime 0 wtime 0 byoyomi 120000
[2026-02-14 15:45:02] cmd: position startpos moves 2g2f 1c1d 2f2e 2b1c 3i4h 1d1e 7i6h 1c3e 7g7f 5c5d 9g9f 5d5e 8h9g 5e5f 3g3f 3e4d 5g5f 4d9i+ 9g5c+ 9i8i 5c4c N*3b 2e2d 2c2d 4i5h P*4b 4c6e L*6d 6e5e 6d6g+ 5h6g P*5h 5i5h 1e1f 1g1f 1a1f 1i1f 8b5b 5e4f 3b4d 2h2d 4d5f 6g5f 8i5f L*5g 5f5g 4h5g P*5f 2d2e L*2b L*2d 5f5g+ 6h5g G*3d 2e5e 2b2d P*5c S*6g 5h6g L*6d P*6f 6d6f 5g6f 5b7b B*2c 2d2i+ 2c1b+ P*1e 1f1e P*1d 1e1d N*2b 1b2a 2b1d L*3e L*4c 4f5g 4c4g+ 5g4g 3a3b 2a1b P*1a 1b1a 3d2e 3e3c+ 3b3c 1a3c L*2a 4g8c 2e3f 8c7b 7a7b R*1a B*4i 6g7g 4i1f+ 1a1d+ P*1e N*4d 5a6b 5c5b+ 6a5b 4d5b+ 4a5b 3c3b N*7d 6f7e 2a2g+ S*2e 1f2f 2e3f 2f3f 1d3d 3f6i N*5d 6b7a 5d4b+ S*6h 7g6g G*7g 6g5f 6i7h 5f4f 7h3d 4b5b P*4e 4f5f R*5g 5f6e 5g6g+ 6e5d 3d5b G*5c 5b5c 5d5c N*6a 5c4c 6g3g G*6b 7a6b G*5b 6b7a S*6b
[2026-02-14 15:45:02] cmd: go btime 0 wtime 0 byoyomi 120000
[2026-02-14 15:45:07] cmd: position startpos moves 2g2f 1c1d 2f2e 2b1c 3i4h 1d1e 7i6h 1c3e 7g7f 5c5d 9g9f 5d5e 8h9g 5e5f 3g3f 3e4d 5g5f 4d9i+ 9g5c+ 9i8i 5c4c N*3b 2e2d 2c2d 4i5h P*4b 4c6e L*6d 6e5e 6d6g+ 5h6g P*5h 5i5h 1e1f 1g1f 1a1f 1i1f 8b5b 5e4f 3b4d 2h2d 4d5f 6g5f 8i5f L*5g 5f5g 4h5g P*5f 2d2e L*2b L*2d 5f5g+ 6h5g G*3d 2e5e 2b2d P*5c S*6g 5h6g L*6d P*6f 6d6f 5g6f 5b7b B*2c 2d2i+ 2c1b+ P*1e 1f1e P*1d 1e1d N*2b 1b2a 2b1d L*3e L*4c 4f5g 4c4g+ 5g4g 3a3b 2a1b P*1a 1b1a 3d2e 3e3c+ 3b3c 1a3c L*2a 4g8c 2e3f 8c7b 7a7b R*1a B*4i 6g7g 4i1f+ 1a1d+ P*1e N*4d 5a6b 5c5b+ 6a5b 4d5b+ 4a5b 3c3b N*7d 6f7e 2a2g+ S*2e 1f2f 2e3f 2f3f 1d3d 3f6i N*5d 6b7a 5d4b+ S*6h 7g6g G*7g 6g5f 6i7h 5f4f 7h3d 4b5b P*4e 4f5f R*5g 5f6e 5g6g+ 6e5d 3d5b G*5c 5b5c 5d5c N*6a 5c4c 6g3g G*6b 7a6b G*5b 6b7a S*6b 7a8b 6b6a+
[2026-02-14 15:45:07] cmd: go btime 0 wtime 0 byoyomi 120000
[2026-02-14 15:45:30] cmd: position startpos moves 2g2f 1c1d 2f2e 2b1c 3i4h 1d1e 7i6h 1c3e 7g7f 5c5d 9g9f 5d5e 8h9g 5e5f 3g3f 3e4d 5g5f 4d9i+ 9g5c+ 9i8i 5c4c N*3b 2e2d 2c2d 4i5h P*4b 4c6e L*6d 6e5e 6d6g+ 5h6g P*5h 5i5h 1e1f 1g1f 1a1f 1i1f 8b5b 5e4f 3b4d 2h2d 4d5f 6g5f 8i5f L*5g 5f5g 4h5g P*5f 2d2e L*2b L*2d 5f5g+ 6h5g G*3d 2e5e 2b2d P*5c S*6g 5h6g L*6d P*6f 6d6f 5g6f 5b7b B*2c 2d2i+ 2c1b+ P*1e 1f1e P*1d 1e1d N*2b 1b2a 2b1d L*3e L*4c 4f5g 4c4g+ 5g4g 3a3b 2a1b P*1a 1b1a 3d2e 3e3c+ 3b3c 1a3c L*2a 4g8c 2e3f 8c7b 7a7b R*1a B*4i 6g7g 4i1f+ 1a1d+ P*1e N*4d 5a6b 5c5b+ 6a5b 4d5b+ 4a5b 3c3b N*7d 6f7e 2a2g+ S*2e 1f2f 2e3f 2f3f 1d3d 3f6i N*5d 6b7a 5d4b+ S*6h 7g6g G*7g 6g5f 6i7h 5f4f 7h3d 4b5b P*4e 4f5f R*5g 5f6e 5g6g+ 6e5d 3d5b G*5c 5b5c 5d5c N*6a 5c4c 6g3g G*6b 7a6b G*5b 6b7a S*6b 7a8b 6b6a+ 7b6a 5b6a
[2026-02-14 15:45:30] cmd: go btime 0 wtime 0 byoyomi 120000
[2026-02-14 15:46:35] cmd: position startpos moves 2g2f 1c1d 2f2e 2b1c 3i4h 1d1e 7i6h 1c3e 7g7f 5c5d 9g9f 5d5e 8h9g 5e5f 3g3f 3e4d 5g5f 4d9i+ 9g5c+ 9i8i 5c4c N*3b 2e2d 2c2d 4i5h P*4b 4c6e L*6d 6e5e 6d6g+ 5h6g P*5h 5i5h 1e1f 1g1f 1a1f 1i1f 8b5b 5e4f 3b4d 2h2d 4d5f 6g5f 8i5f L*5g 5f5g 4h5g P*5f 2d2e L*2b L*2d 5f5g+ 6h5g G*3d 2e5e 2b2d P*5c S*6g 5h6g L*6d P*6f 6d6f 5g6f 5b7b B*2c 2d2i+ 2c1b+ P*1e 1f1e P*1d 1e1d N*2b 1b2a 2b1d L*3e L*4c 4f5g 4c4g+ 5g4g 3a3b 2a1b P*1a 1b1a 3d2e 3e3c+ 3b3c 1a3c L*2a 4g8c 2e3f 8c7b 7a7b R*1a B*4i 6g7g 4i1f+ 1a1d+ P*1e N*4d 5a6b 5c5b+ 6a5b 4d5b+ 4a5b 3c3b N*7d 6f7e 2a2g+ S*2e 1f2f 2e3f 2f3f 1d3d 3f6i N*5d 6b7a 5d4b+ S*6h 7g6g G*7g 6g5f 6i7h 5f4f 7h3d 4b5b P*4e 4f5f R*5g 5f6e 5g6g+ 6e5d 3d5b G*5c 5b5c 5d5c N*6a 5c4c 6g3g G*6b 7a6b G*5b 6b7a S*6b 7a8b 6b6a+ 7b6a 5b6a G*4d 4c4d
[2026-02-14 15:46:35] cmd: go btime 0 wtime 0 byoyomi 120000
[2026-02-14 15:47:43] cmd: position startpos moves 2g2f 1c1d 2f2e 2b1c 3i4h 1d1e 7i6h 1c3e 7g7f 5c5d 9g9f 5d5e 8h9g 5e5f 3g3f 3e4d 5g5f 4d9i+ 9g5c+ 9i8i 5c4c N*3b 2e2d 2c2d 4i5h P*4b 4c6e L*6d 6e5e 6d6g+ 5h6g P*5h 5i5h 1e1f 1g1f 1a1f 1i1f 8b5b 5e4f 3b4d 2h2d 4d5f 6g5f 8i5f L*5g 5f5g 4h5g P*5f 2d2e L*2b L*2d 5f5g+ 6h5g G*3d 2e5e 2b2d P*5c S*6g 5h6g L*6d P*6f 6d6f 5g6f 5b7b B*2c 2d2i+ 2c1b+ P*1e 1f1e P*1d 1e1d N*2b 1b2a 2b1d L*3e L*4c 4f5g 4c4g+ 5g4g 3a3b 2a1b P*1a 1b1a 3d2e 3e3c+ 3b3c 1a3c L*2a 4g8c 2e3f 8c7b 7a7b R*1a B*4i 6g7g 4i1f+ 1a1d+ P*1e N*4d 5a6b 5c5b+ 6a5b 4d5b+ 4a5b 3c3b N*7d 6f7e 2a2g+ S*2e 1f2f 2e3f 2f3f 1d3d 3f6i N*5d 6b7a 5d4b+ S*6h 7g6g G*7g 6g5f 6i7h 5f4f 7h3d 4b5b P*4e 4f5f R*5g 5f6e 5g6g+ 6e5d 3d5b G*5c 5b5c 5d5c N*6a 5c4c 6g3g G*6b 7a6b G*5b 6b7a S*6b 7a8b 6b6a+ 7b6a 5b6a G*4d 4c4d 3g3b L*8d
[2026-02-14 15:47:43] cmd: go btime 0 wtime 0 byoyomi 120000
[2026-02-14 15:48:15] cmd: position startpos moves 2g2f 1c1d 2f2e 2b1c 3i4h 1d1e 7i6h 1c3e 7g7f 5c5d 9g9f 5d5e 8h9g 5e5f 3g3f 3e4d 5g5f 4d9i+ 9g5c+ 9i8i 5c4c N*3b 2e2d 2c2d 4i5h P*4b 4c6e L*6d 6e5e 6d6g+ 5h6g P*5h 5i5h 1e1f 1g1f 1a1f 1i1f 8b5b 5e4f 3b4d 2h2d 4d5f 6g5f 8i5f L*5g 5f5g 4h5g P*5f 2d2e L*2b L*2d 5f5g+ 6h5g G*3d 2e5e 2b2d P*5c S*6g 5h6g L*6d P*6f 6d6f 5g6f 5b7b B*2c 2d2i+ 2c1b+ P*1e 1f1e P*1d 1e1d N*2b 1b2a 2b1d L*3e L*4c 4f5g 4c4g+ 5g4g 3a3b 2a1b P*1a 1b1a 3d2e 3e3c+ 3b3c 1a3c L*2a 4g8c 2e3f 8c7b 7a7b R*1a B*4i 6g7g 4i1f+ 1a1d+ P*1e N*4d 5a6b 5c5b+ 6a5b 4d5b+ 4a5b 3c3b N*7d 6f7e 2a2g+ S*2e 1f2f 2e3f 2f3f 1d3d 3f6i N*5d 6b7a 5d4b+ S*6h 7g6g G*7g 6g5f 6i7h 5f4f 7h3d 4b5b P*4e 4f5f R*5g 5f6e 5g6g+ 6e5d 3d5b G*5c 5b5c 5d5c N*6a 5c4c 6g3g G*6b 7a6b G*5b 6b7a S*6b 7a8b 6b6a+ 7b6a 5b6a G*4d 4c4d 3g3b L*8d 8b7b G*5b
[2026-02-14 15:48:15] cmd: go btime 0 wtime 0 byoyomi 120000
[2026-02-14 15:50:11] cmd: position startpos moves 2g2f 1c1d 2f2e 2b1c 3i4h 1d1e 7i6h 1c3e 7g7f 5c5d 9g9f 5d5e 8h9g 5e5f 3g3f 3e4d 5g5f 4d9i+ 9g5c+ 9i8i 5c4c N*3b 2e2d 2c2d 4i5h P*4b 4c6e L*6d 6e5e 6d6g+ 5h6g P*5h 5i5h 1e1f 1g1f 1a1f 1i1f 8b5b 5e4f 3b4d 2h2d 4d5f 6g5f 8i5f L*5g 5f5g 4h5g P*5f 2d2e L*2b L*2d 5f5g+ 6h5g G*3d 2e5e 2b2d P*5c S*6g 5h6g L*6d P*6f 6d6f 5g6f 5b7b B*2c 2d2i+ 2c1b+ P*1e 1f1e P*1d 1e1d N*2b 1b2a 2b1d L*3e L*4c 4f5g 4c4g+ 5g4g 3a3b 2a1b P*1a 1b1a 3d2e 3e3c+ 3b3c 1a3c L*2a 4g8c 2e3f 8c7b 7a7b R*1a B*4i 6g7g 4i1f+ 1a1d+ P*1e N*4d 5a6b 5c5b+ 6a5b 4d5b+ 4a5b 3c3b N*7d 6f7e 2a2g+ S*2e 1f2f 2e3f 2f3f 1d3d 3f6i N*5d 6b7a 5d4b+ S*6h 7g6g G*7g 6g5f 6i7h 5f4f 7h3d 4b5b P*4e 4f5f R*5g 5f6e 5g6g+ 6e5d 3d5b G*5c 5b5c 5d5c N*6a 5c4c 6g3g G*6b 7a6b G*5b 6b7a S*6b 7a8b 6b6a+ 7b6a 5b6a G*4d 4c4d 3g3b L*8d 8b7b G*5b G*3d 4d5d
[2026-02-14 15:50:11] cmd: go btime 0 wtime 0 byoyomi 120000
[2026-02-14 15:50:15] cmd: position startpos moves 2g2f 1c1d 2f2e 2b1c 3i4h 1d1e 7i6h 1c3e 7g7f 5c5d 9g9f 5d5e 8h9g 5e5f 3g3f 3e4d 5g5f 4d9i+ 9g5c+ 9i8i 5c4c N*3b 2e2d 2c2d 4i5h P*4b 4c6e L*6d 6e5e 6d6g+ 5h6g P*5h 5i5h 1e1f 1g1f 1a1f 1i1f 8b5b 5e4f 3b4d 2h2d 4d5f 6g5f 8i5f L*5g 5f5g 4h5g P*5f 2d2e L*2b L*2d 5f5g+ 6h5g G*3d 2e5e 2b2d P*5c S*6g 5h6g L*6d P*6f 6d6f 5g6f 5b7b B*2c 2d2i+ 2c1b+ P*1e 1f1e P*1d 1e1d N*2b 1b2a 2b1d L*3e L*4c 4f5g 4c4g+ 5g4g 3a3b 2a1b P*1a 1b1a 3d2e 3e3c+ 3b3c 1a3c L*2a 4g8c 2e3f 8c7b 7a7b R*1a B*4i 6g7g 4i1f+ 1a1d+ P*1e N*4d 5a6b 5c5b+ 6a5b 4d5b+ 4a5b 3c3b N*7d 6f7e 2a2g+ S*2e 1f2f 2e3f 2f3f 1d3d 3f6i N*5d 6b7a 5d4b+ S*6h 7g6g G*7g 6g5f 6i7h 5f4f 7h3d 4b5b P*4e 4f5f R*5g 5f6e 5g6g+ 6e5d 3d5b G*5c 5b5c 5d5c N*6a 5c4c 6g3g G*6b 7a6b G*5b 6b7a S*6b 7a8b 6b6a+ 7b6a 5b6a G*4d 4c4d 3g3b L*8d 8b7b G*5b G*3d 4d5d B*4c 5d5c
[2026-02-14 15:50:15] cmd: go btime 0 wtime 0 byoyomi 120000
[2026-02-14 15:50:16] cmd: gameover win
[2026-02-14 15:50:16] cmd: quit
